// Jest Snapshot v1, https://goo.gl/fbAQLP

exports[`Airport item should match snapshot 1`] = `"<BrowserRouter>shallowWrapper</BrowserRouter>"`;
